CGTN,https://0472.org/hls/cgtn.m3u8
CGTN,http://english-livetx.cgtn.com/hls/yypdyyctzb_hd.m3u8
CGTN俄语,https://0472.org/hls/cgtne.m3u8
CGTN俄语,http://russian-livews.cgtn.com/hls/LSvexABhNipibK5KRuUkvHZ7220802LSTeze9o8tdFXMHsb1VosgoT220802cd.m3u8
CGTN法语,https://0472.org/hls/cgtnf.m3u8
CGTN法语,http://espanol-liveali.cgtn.com/hls/LSveOGBaBw41Ea7ukkVAUdKQ220802LSTexu6xAuFH8VZNBLE1ZNEa220802cd.m3u8
CGTN纪录,https://0472.org/hls/cgtnd.m3u8
CGTN纪录,https://english-livetx.cgtn.com/hls/yypdjlctzb_hd.m3u8
CGTN西语,https://0472.org/hls/cgtnx.m3u8
CGTN阿语,https://0472.org/hls/cgtna.m3u8
中国交通,http://drive.mxmy.net:8888/udp/239.3.1.188:8001
熊猫直播,https://gcwbndali.v.myalicdn.com/gcwbnd/ipanda1000_2/index.m3u8
直播中国,https://gcalic.v.myalicdn.com/gc/wgw05_1/index.m3u8?contentid=2820180516001
支持作者,https://vd2.bdstatic.com/mda-rkaittufsdv0rnx6/sc/cae_h264/1762869859154419128/mda-rkaittufsdv0rnx6.mp4
兵团卫视,http://183.11.239.36:808/hls/7/index.m3u8
兵团卫视,http://120.76.248.139/live/bfgd/4200000124.m3u8
兵团卫视,http://218.13.170.98:9901/tsfile/live/0115_1.m3u8
海峡卫视,http://8.138.7.223/tv/hxws.m3u8
海峡卫视,http://38.64.72.148:80/hls/modn/list/4009/chunklist0.m3u8
海峡卫视,http://38.64.72.148:80/hls/modn/list/4009/playlist.m3u8
海峡卫视,http://hlsbkmgsplive.miguvideo.com/migu/kailu/haixiaws/57/20230724/01.m3u8?msisdn=&Channel_ID=&ContentId=&HlsSubType=&HlsProfileId=&encrypt=
农林卫视,http://120.76.248.139/live/bfgd/4200000122.m3u8
农林卫视,http://8.138.7.223/【公众号：榴芒电视】/农林卫视.m3u8
农林卫视,http://124.116.183.146:9901/tsfile/live/1004_1.m3u8
农林卫视,http://124.116.183.146:9901/tsfile/live/1004_1.m3u8?key=txiptv&playlive=1&authid=0
东方卫视4K,https://bp-resource-dfl.bestv.cn/148/3/video.m3u8
东森亚洲卫视,https://p2hs.vzan.com/slowlive/821481626725612419/live.m3u8
东森亚洲卫视,https://pull-hsbj.vzan.com/v/slowlive_821481626725612419.flv
北京卫视4K超,http://183.215.134.239:19901/tsfile/live/0122_1.m3u8?key=txiptv&playlive=1&authid=0
苏州4K,https://tylive.kan0512.com/norecord/csztv4k_4k.m3u8
科幻电影,https://yylunbo.ottiptv.cc/yy/1355065896
凤凰电影,http://iot-mqqt.111yao.cn:8080/live/diyp_fhdy.m3u8
龙华电影,https://cdn8.163189.xyz/live/lhdy/stream.m3u8
AMC电影,http://61.221.215.25:8800/hls/43/index.m3u8
1930年代经典电影,https://yylunbo.ottiptv.cc/yy/1356363815
28岁电影,https://goodiptv.club/douyu/8884164
8090电影一哥,https://yylunbo.ottiptv.cc/yy/29197808
CHC电影,http://183.237.95.108:9901/tsfile/live/1008_1.m3u8?key=txiptv&playlive=0&authid=0
YY果国际电影频道,https://yylunbo.ottiptv.cc/yy/1382627144
万合出品,https://goodiptv.club/douyu/9220456
三七电影V,https://goodiptv.club/douyu/9457792
二胖影视,https://goodiptv.club/douyu/10064260
五分钟电影汇,https://goodiptv.club/douyu/8443438
人在囧途,https://vip.ffzy-play.com/20221018/1953_2d6ba500/index.m3u8
人在囧途之泰囧,https://vip.ffzy-play.com/20221018/1951_47e1adc8/index.m3u8
人在囧途之港囧,https://vip.ffzy-play7.com/20230112/11082_fde1a94d/index.m3u8
佛曰影视,https://goodiptv.club/douyu/9671758
使徒行者,https://live.metshop.top/huya/23734256
倩女幽魂人间道,http://jsmov2.a.yximgs.com/bs3/video-hls/5250634317044855747_hlsb.m3u8
倩女幽魂妖魔道,http://jsmov2.a.yximgs.com/bs3/video-hls/5232901391302199073_hlsb.m3u8
倩女幽魂道道道,http://jsmov2.a.yximgs.com/bs3/video-hls/5216294367991385255_hlsb.m3u8
刘哔电影,https://goodiptv.club/douyu/2632223
创世纪,https://live.metshop.top/huya/29465852
前任电影,https://goodiptv.club/douyu/9329242
功夫电影,https://live.metshop.top/huya/11352941
发条张的电影最TOP,https://goodiptv.club/douyu/2164691
古天乐电影,https://live.metshop.top/huya/29982675
史诗级科幻电影阿凡达,https://yylunbo.ottiptv.cc/yy/1382735577
同同电影,https://goodiptv.club/douyu/10155359
周星驰搞笑电影,https://yylunbo.ottiptv.cc/yy/38670875
哈利影视,https://goodiptv.club/douyu/8475821
喜人电影,https://goodiptv.club/douyu/10348735
喜剧电影笑不停,https://goodiptv.club/douyu/10298856
四叶草影视,https://goodiptv.club/douyu/9446117
国产动作电影,https://yylunbo.ottiptv.cc/yy/1382736858
国产电影就是闹着玩的,https://yylunbo.ottiptv.cc/yy/1354931503
国内玄幻电影林正英,https://yylunbo.ottiptv.cc/yy/1354932444
国内经典动作电影,https://yylunbo.ottiptv.cc/yy/1382851522
墨逗电影,https://goodiptv.club/douyu/9614847
大江大河2高分影视推荐,https://yylunbo.ottiptv.cc/yy/1382736797
大江大河高分影视推荐,https://yylunbo.ottiptv.cc/yy/1382736806
大米饭影视,https://goodiptv.club/douyu/9824094
大荒电影,https://goodiptv.club/douyu/3508538
奇幻冒险电影凯斯宾王子的魔法征途,https://yylunbo.ottiptv.cc/yy/1354926671
奇怪电影,https://goodiptv.club/douyu/9440966
妙手仁心,https://live.metshop.top/huya/29465853
宇宙科幻合集,https://live.metshop.top/huya/11342428
寒战,https://vip.ffzy-play6.com/20221019/157_bf0740ee/index.m3u8
寻秦记,https://live.metshop.top/huya/29465848
小儛电影嘚啵嘚,https://goodiptv.club/douyu/8362978
岳云鹏宋小宝也来演电影了,https://yylunbo.ottiptv.cc/yy/1354926612
强森电影,https://live.metshop.top/huya/21059581
影视笑工场,https://goodiptv.club/douyu/10298846
影视集装箱,https://goodiptv.club/douyu/8651489
怪兽马提尼电影,https://goodiptv.club/douyu/9075333
怪医文三块影视剧,https://yylunbo.ottiptv.cc/yy/1354936154
怪味爆米花电影,https://goodiptv.club/douyu/9422144
恐怖电影,https://yylunbo.ottiptv.cc/yy/24066336
悬疑武侠电影九门,https://yylunbo.ottiptv.cc/yy/1382828768
成龙电影,https://live.metshop.top/huya/11342386
我不是药神,https://vip.ffzy-play1.com/20221018/478_c3afed66/index.m3u8
战争电影,https://live.metshop.top/huya/21059574
拆弹专家1,https://vip.ffzy-online.com/20221015/719_80ff87c2/index.m3u8
拆弹专家2,https://vip.ffzy-online.com/20221015/722_e32c42bc/index.m3u8
无心法师,https://live.metshop.top/huya/30080233
无际电影,https://goodiptv.club/douyu/9720498
有部电影儿,https://goodiptv.club/douyu/9736479
李连杰电影,https://live.metshop.top/huya/11342390
林九影视,https://goodiptv.club/douyu/7212528
林正英电影,https://live.metshop.top/huya/11342421
林正英经典电影,https://yylunbo.ottiptv.cc/yy/34229877
枪战电影,https://live.metshop.top/huya/21059579
梅艳芳主演喜剧电影,https://yylunbo.ottiptv.cc/yy/1382735627
欧美配音电影,https://yylunbo.ottiptv.cc/yy/1354693629
每日好电影V,https://goodiptv.club/douyu/9533302
沈腾电影,https://live.metshop.top/huya/11601968
法政先锋,https://live.metshop.top/huya/23863804
洛克电影,https://goodiptv.club/douyu/9414884
活佛济公3,https://live.metshop.top/huya/23903123
涛浪浪电影,https://goodiptv.club/douyu/5424258
熊猫电影,https://goodiptv.club/douyu/3506483
爱星影视,https://goodiptv.club/douyu/9476806
特辑电影院,https://goodiptv.club/douyu/3637778
狄仁杰电影,https://live.metshop.top/huya/30080229
狗毛电影,https://goodiptv.club/douyu/9356637
独立鱼电影,https://goodiptv.club/douyu/2413555
猫眼电影,https://goodiptv.club/douyu/8726221
玖月影视,https://goodiptv.club/douyu/9339251
珍珠港电影,https://yylunbo.ottiptv.cc/yy/1354936234
甄子丹电影,https://live.metshop.top/huya/11352935
电影七十二变,https://goodiptv.club/douyu/9323164
电影先锋V,https://goodiptv.club/douyu/8711212
电影冷知识,https://goodiptv.club/douyu/9660835
电影刘德华,http://live.metshop.top/huya/11342424?cdn=alicdn
电影刘油果,https://goodiptv.club/douyu/3985805
电影功夫片,http://live.metshop.top/huya/11352941?cdn=alicdn
电影动作电影,http://live.metshop.top/huya/11602077?cdn=alicdn
电影吐槽汇,https://goodiptv.club/douyu/9447668
电影周星星,http://live.metshop.top/huya/11336587?cdn=alicdn
电影嫣然影厅,http://live.metshop.top/huya/11601977?cdn=alicdn
电影小班长,https://goodiptv.club/douyu/549693
电影幕后喵,https://goodiptv.club/douyu/8884074
电影战争片,http://live.metshop.top/huya/21059574?cdn=alicdn
电影搞笑喜剧,http://live.metshop.top/huya/11342423?cdn=alicdn
电影梁家辉,http://live.metshop.top/huya/11342429?cdn=alicdn
电影漩涡,https://goodiptv.club/douyu/8706350
电影犯罪片,http://live.metshop.top/huya/11352974?cdn=alicdn
电影电影电影电影电影电影,https://yylunbo.ottiptv.cc/yy/1351496216
电影百团大战,https://yylunbo.ottiptv.cc/yy/1382736871
电影笔记,https://goodiptv.club/douyu/9636034
电影蜘蛛侠,http://live.metshop.top/huya/21059599?cdn=alicdn
电影谍战,http://live.metshop.top/huya/21059585?cdn=alicdn
电影谍战片,http://live.metshop.top/huya/21059587?cdn=alicdn
电影迷小雅,https://goodiptv.club/douyu/9639225
电影高分动作,http://live.metshop.top/huya/11352884?cdn=alicdn
电影黑匣子,https://goodiptv.club/douyu/8706652
电影黑豹,https://yylunbo.ottiptv.cc/yy/1382736816
粤语电影丶,https://goodiptv.club/douyu/1226741
精彩动作电影,https://yylunbo.ottiptv.cc/yy/1382736823
精彩动作电影享不停,https://yylunbo.ottiptv.cc/yy/1382736809
经典港片电影,https://yylunbo.ottiptv.cc/yy/1461889059
经典港片电影,https://yylunbo.ottiptv.cc/yy/1459801818
经典电影港片枪战,https://yylunbo.ottiptv.cc/yy/1355076627
维立方电影,https://goodiptv.club/douyu/8706393
罪犯电影,https://live.metshop.top/huya/11352962
老王的夜电影院,https://goodiptv.club/douyu/3498219
老电影故事,https://goodiptv.club/douyu/9167273
腹黑电影,https://goodiptv.club/douyu/8867878
莱纳电影,https://goodiptv.club/douyu/9356937
西游记2,https://live.metshop.top/huya/29465859
让子弹飞,https://vip.ffzy-play7.com/20230116/11563_b9f44814/index.m3u8
谍战电影,https://live.metshop.top/huya/21059585
贝爷求生影视,https://goodiptv.club/douyu/9661369
贰哥电影,https://goodiptv.club/douyu/9338867
贺岁电影,https://live.metshop.top/huya/11601986
超精彩系列动作电影,https://yylunbo.ottiptv.cc/yy/1382745096
逐梦电影,https://goodiptv.club/douyu/4058285
野山鹰影视剧,https://yylunbo.ottiptv.cc/yy/1354932395
野格影视,https://goodiptv.club/douyu/9931766
金庸武侠,https://live.metshop.top/huya/11342435
金枝欲孽,https://live.metshop.top/huya/29465847
鉴证实录,https://live.metshop.top/huya/23903183
铁血影视汇,https://goodiptv.club/douyu/9649701
阿苏电影,https://goodiptv.club/douyu/9037784
陀枪师姐,https://live.metshop.top/huya/29465857
韩国电影2,https://stream.ads.ottera.tv/playlist.m3u8?network_id=743
香兰爱影视,https://goodiptv.club/douyu/9487090
黄渤电影,https://live.metshop.top/huya/11352876
龙哥盘电影,https://goodiptv.club/douyu/9736161
龙门飞甲,http://jsmov2.a.yximgs.com/bs3/video-hls/5203346449046555193_hlsb.m3u8
重温经典,https://other.ottiptv.cc/cwjd.m3u8
纪实科教8K,http://111.31.106.140/downflv.brtvcloud.com/8klive/8kliveok.m3u8
北京纪实科教8K,https://gdcucc.v1.mk/gdcucc/brtv8k.m3u8
南国都市,https://tencentplay.gztv.com/live/nanguodushi.m3u8?txSecret=550af55c0ea34ce492748481415b6dfa&txTime=1903e7b17de
新视觉,http://120.76.248.139/live/bfgd/4200000249.m3u8
纪实科教,http://120.76.248.139/live/bfgd/4200000113.m3u8
广东少儿,http://gmxw.7766.org:808/hls/175/index.m3u8
动画大师姐,https://goodiptv.club/douyu/9742136
哆啦A梦,https://live.metshop.top/huya/11601963
喜羊羊与灰太狼,https://live.metshop.top/huya/23865080
漫尼动画,https://goodiptv.club/douyu/10364790
立秋动画,https://goodiptv.club/douyu/10351891
精灵宝可梦,https://live.metshop.top/huya/23749096
韩国EBS少儿,http://ebsonairios.ebs.co.kr/ebsutablet500k/tablet500k/playlist.m3u8
0小行家0,https://goodiptv.club/douyu/9280356
11No巴蒂11,https://goodiptv.club/douyu/9455937
1900影剧室,https://goodiptv.club/douyu/7796193
3030相声小品,https://goodiptv.club/douyu/9286868
3秒爱上学习V,https://goodiptv.club/douyu/9541736
5毒士,https://goodiptv.club/douyu/9406600
7师傅,https://goodiptv.club/douyu/17732
9iota,https://goodiptv.club/douyu/8881729
AK萌虎,https://goodiptv.club/douyu/4049310
Acer丶宏正,https://goodiptv.club/douyu/10670244
Angela小兔,https://goodiptv.club/douyu/9617766
Bella贝拉酱,https://goodiptv.club/douyu/9663084
BetterMan北北,https://goodiptv.club/douyu/8507023
Biu餐厅主管,https://goodiptv.club/douyu/7921708
BuriedAlien的号,https://goodiptv.club/douyu/9440728
CF柒年,https://goodiptv.club/douyu/9087887
Cloud猪,https://goodiptv.club/douyu/527502
CmoStar,https://goodiptv.club/douyu/10282256
Co视文化,https://goodiptv.club/douyu/1060418
C座802,https://goodiptv.club/douyu/8768943
DS女老诗,https://goodiptv.club/douyu/563536
Devil青酱,https://goodiptv.club/douyu/9510544
FGO丶Master1,https://goodiptv.club/douyu/9477851
Fatal飞雪,https://goodiptv.club/douyu/8813596
Hi欣欣,https://goodiptv.club/douyu/11996166
JhZj丶天明,https://goodiptv.club/douyu/1006179
Jonas888,https://goodiptv.club/douyu/6054446
KUMA轻松熊博士,https://goodiptv.club/douyu/2282604
KyoKyo不是QQ,https://goodiptv.club/douyu/4732337
LCPD拉登,https://goodiptv.club/douyu/9503015
LR1245,https://goodiptv.club/douyu/12534632
MJ小林大人嗷,https://goodiptv.club/douyu/9204381
MK青凌,https://goodiptv.club/douyu/9488836
Melo的健身课堂,https://goodiptv.club/douyu/9306609
MordonFreeman是谁,https://goodiptv.club/douyu/9524579
Nino学长,https://goodiptv.club/douyu/9525473
OneGuy丶,https://goodiptv.club/douyu/9734098
Only丶邵氏,https://goodiptv.club/douyu/4246519
OooOlivia奥莉蕉,https://goodiptv.club/douyu/9678862
PhantomStrider,https://goodiptv.club/douyu/9683911
Poison丶冰冰,https://goodiptv.club/douyu/74374
Psyman塞门,https://goodiptv.club/douyu/9753585
QLIMES,https://goodiptv.club/douyu/1039732
RNDxc,https://goodiptv.club/douyu/4585643
Rabbit每日爆料,https://goodiptv.club/douyu/9685652
SKYE魏,https://goodiptv.club/douyu/9460834
Starshine刹那,https://goodiptv.club/douyu/9191006
Svip丶YoYo,https://goodiptv.club/douyu/3472959
TFBOYS饭团,https://goodiptv.club/douyu/9565765
TSSS映画,https://goodiptv.club/douyu/9749339
WANJINNY,https://goodiptv.club/douyu/9567755
W总动员,https://goodiptv.club/douyu/9480767
XCin888,https://goodiptv.club/douyu/3617935
YIKa777,https://goodiptv.club/douyu/8868213
a5dmin,https://goodiptv.club/douyu/1102973
a萌小翘臀,https://goodiptv.club/douyu/7552568
baby丶贝贝,https://goodiptv.club/douyu/431460
bestthings丶放假,https://goodiptv.club/douyu/11752532
dw151295068,https://goodiptv.club/douyu/12655359
dy荒野建造,https://goodiptv.club/douyu/10039437
epcdiy,https://goodiptv.club/douyu/8759268
fans圈娱乐,https://goodiptv.club/douyu/9630581
gslaini,https://goodiptv.club/douyu/6997954
illit礼,https://goodiptv.club/douyu/12065549
ljgdy,https://goodiptv.club/douyu/1600769
low君热剧,https://goodiptv.club/douyu/8461020
mad叶月Mashiro灬,https://goodiptv.club/douyu/9192932
mn静静nm,https://goodiptv.club/douyu/5668371
mzx阿哲,https://goodiptv.club/douyu/9483965
py86阿,https://goodiptv.club/douyu/8849954
shhher,https://goodiptv.club/douyu/8733680
sweet夏有甜,https://goodiptv.club/douyu/4808115
xiaoxiao1004,https://goodiptv.club/douyu/2569874
一个机智张张,https://goodiptv.club/douyu/9653063
一只魔玩,https://goodiptv.club/douyu/9606281
一把钢刀镇斗虞,https://goodiptv.club/douyu/7356023
一束光开始,https://goodiptv.club/douyu/8662684
一条正弦sin,https://goodiptv.club/douyu/9497985
一条闲木鱼,https://goodiptv.club/douyu/10102281
一目十影,https://goodiptv.club/douyu/3643605
一颗咕咕星,https://goodiptv.club/douyu/9388557
一颗糖糖canddy,https://goodiptv.club/douyu/9192852
万事通熊猫,https://goodiptv.club/douyu/7812810
万合鲜肉老师,https://goodiptv.club/douyu/9815091
三个老爸实验室,https://goodiptv.club/douyu/9090487
三代鹿人v,https://goodiptv.club/douyu/9629717
三国颜老师,https://goodiptv.club/douyu/12253936
三年辅助一场空,https://goodiptv.club/douyu/5251148
三斤呦,https://goodiptv.club/douyu/9047933
上来先丢大v,https://goodiptv.club/douyu/9566154
不二真探,https://goodiptv.club/douyu/10319545
不会骑马的健身少年,https://goodiptv.club/douyu/8862198
